// Jest Snapshot v1, https://goo.gl/fbAQLP

exports[`renders default HomeHeader snapshot 1`] = `
.c0 {
  background-color: #222;
  height: 150px;
  padding: 20px;
  color: white;
}

.c0 img {
  -webkit-animation: logo-spin infinite 20s linear;
  animation: logo-spin infinite 20s linear;
  height: 80px;
}

<div
  className="c0"
>
  <img
    alt="logo"
    src="react.svg"
  />
  <h2>
    Welcome to After.js
  </h2>
</div>
`;
